2026-05-12 08:17:06.750 +00:00 [WRN] Microsoft.EntityFrameworkCore.Model.Validation: Entity 'Customer' has a global query filter defined and is the required end of a relationship with the entity 'Interaction'. This may lead to unexpected results when the required entity is filtered out. Either configure the navigation as optional, or define matching query filters for both entities in the navigation. See https://go.microsoft.com/fwlink/?linkid=2131316 for more information.
2026-05-12 08:17:06.889 +00:00 [WRN] Microsoft.EntityFrameworkCore.Model.Validation: Entity 'Product' has a global query filter defined and is the required end of a relationship with the entity 'InventoryItem'. This may lead to unexpected results when the required entity is filtered out. Either configure the navigation as optional, or define matching query filters for both entities in the navigation. See https://go.microsoft.com/fwlink/?linkid=2131316 for more information.
2026-05-12 08:17:06.891 +00:00 [WRN] Microsoft.EntityFrameworkCore.Model.Validation: Entity 'Customer' has a global query filter defined and is the required end of a relationship with the entity 'Layaway'. This may lead to unexpected results when the required entity is filtered out. Either configure the navigation as optional, or define matching query filters for both entities in the navigation. See https://go.microsoft.com/fwlink/?linkid=2131316 for more information.
2026-05-12 08:17:06.891 +00:00 [WRN] Microsoft.EntityFrameworkCore.Model.Validation: Entity 'Store' has a global query filter defined and is the required end of a relationship with the entity 'PurchaseOrder'. This may lead to unexpected results when the required entity is filtered out. Either configure the navigation as optional, or define matching query filters for both entities in the navigation. See https://go.microsoft.com/fwlink/?linkid=2131316 for more information.
2026-05-12 08:17:06.892 +00:00 [WRN] Microsoft.EntityFrameworkCore.Model.Validation: Entity 'Product' has a global query filter defined and is the required end of a relationship with the entity 'PurchaseOrderItem'. This may lead to unexpected results when the required entity is filtered out. Either configure the navigation as optional, or define matching query filters for both entities in the navigation. See https://go.microsoft.com/fwlink/?linkid=2131316 for more information.
2026-05-12 08:17:06.892 +00:00 [WRN] Microsoft.EntityFrameworkCore.Model.Validation: Entity 'Customer' has a global query filter defined and is the required end of a relationship with the entity 'Quotation'. This may lead to unexpected results when the required entity is filtered out. Either configure the navigation as optional, or define matching query filters for both entities in the navigation. See https://go.microsoft.com/fwlink/?linkid=2131316 for more information.
2026-05-12 08:17:06.892 +00:00 [WRN] Microsoft.EntityFrameworkCore.Model.Validation: Entity 'Product' has a global query filter defined and is the required end of a relationship with the entity 'QuotationItem'. This may lead to unexpected results when the required entity is filtered out. Either configure the navigation as optional, or define matching query filters for both entities in the navigation. See https://go.microsoft.com/fwlink/?linkid=2131316 for more information.
2026-05-12 08:17:06.892 +00:00 [WRN] Microsoft.EntityFrameworkCore.Model.Validation: Entity 'Store' has a global query filter defined and is the required end of a relationship with the entity 'Sale'. This may lead to unexpected results when the required entity is filtered out. Either configure the navigation as optional, or define matching query filters for both entities in the navigation. See https://go.microsoft.com/fwlink/?linkid=2131316 for more information.
2026-05-12 08:17:06.892 +00:00 [WRN] Microsoft.EntityFrameworkCore.Model.Validation: Entity 'Product' has a global query filter defined and is the required end of a relationship with the entity 'SaleItem'. This may lead to unexpected results when the required entity is filtered out. Either configure the navigation as optional, or define matching query filters for both entities in the navigation. See https://go.microsoft.com/fwlink/?linkid=2131316 for more information.
2026-05-12 08:17:06.893 +00:00 [WRN] Microsoft.EntityFrameworkCore.Model.Validation: Entity 'Store' has a global query filter defined and is the required end of a relationship with the entity 'Shift'. This may lead to unexpected results when the required entity is filtered out. Either configure the navigation as optional, or define matching query filters for both entities in the navigation. See https://go.microsoft.com/fwlink/?linkid=2131316 for more information.
2026-05-12 08:17:06.893 +00:00 [WRN] Microsoft.EntityFrameworkCore.Model.Validation: Entity 'Store' has a global query filter defined and is the required end of a relationship with the entity 'StockTransfer'. This may lead to unexpected results when the required entity is filtered out. Either configure the navigation as optional, or define matching query filters for both entities in the navigation. See https://go.microsoft.com/fwlink/?linkid=2131316 for more information.
2026-05-12 08:17:06.893 +00:00 [WRN] Microsoft.EntityFrameworkCore.Model.Validation: Entity 'Product' has a global query filter defined and is the required end of a relationship with the entity 'StockTransferItem'. This may lead to unexpected results when the required entity is filtered out. Either configure the navigation as optional, or define matching query filters for both entities in the navigation. See https://go.microsoft.com/fwlink/?linkid=2131316 for more information.
2026-05-12 08:17:07.992 +00:00 [WRN] Microsoft.EntityFrameworkCore.Model.Validation: Entity 'Customer' has a global query filter defined and is the required end of a relationship with the entity 'Interaction'. This may lead to unexpected results when the required entity is filtered out. Either configure the navigation as optional, or define matching query filters for both entities in the navigation. See https://go.microsoft.com/fwlink/?linkid=2131316 for more information.
2026-05-12 08:17:07.993 +00:00 [WRN] Microsoft.EntityFrameworkCore.Model.Validation: Entity 'Product' has a global query filter defined and is the required end of a relationship with the entity 'InventoryItem'. This may lead to unexpected results when the required entity is filtered out. Either configure the navigation as optional, or define matching query filters for both entities in the navigation. See https://go.microsoft.com/fwlink/?linkid=2131316 for more information.
2026-05-12 08:17:07.993 +00:00 [WRN] Microsoft.EntityFrameworkCore.Model.Validation: Entity 'Customer' has a global query filter defined and is the required end of a relationship with the entity 'Layaway'. This may lead to unexpected results when the required entity is filtered out. Either configure the navigation as optional, or define matching query filters for both entities in the navigation. See https://go.microsoft.com/fwlink/?linkid=2131316 for more information.
2026-05-12 08:17:07.993 +00:00 [WRN] Microsoft.EntityFrameworkCore.Model.Validation: Entity 'Store' has a global query filter defined and is the required end of a relationship with the entity 'PurchaseOrder'. This may lead to unexpected results when the required entity is filtered out. Either configure the navigation as optional, or define matching query filters for both entities in the navigation. See https://go.microsoft.com/fwlink/?linkid=2131316 for more information.
2026-05-12 08:17:07.994 +00:00 [WRN] Microsoft.EntityFrameworkCore.Model.Validation: Entity 'Product' has a global query filter defined and is the required end of a relationship with the entity 'PurchaseOrderItem'. This may lead to unexpected results when the required entity is filtered out. Either configure the navigation as optional, or define matching query filters for both entities in the navigation. See https://go.microsoft.com/fwlink/?linkid=2131316 for more information.
2026-05-12 08:17:07.995 +00:00 [WRN] Microsoft.EntityFrameworkCore.Model.Validation: Entity 'Customer' has a global query filter defined and is the required end of a relationship with the entity 'Quotation'. This may lead to unexpected results when the required entity is filtered out. Either configure the navigation as optional, or define matching query filters for both entities in the navigation. See https://go.microsoft.com/fwlink/?linkid=2131316 for more information.
2026-05-12 08:17:07.995 +00:00 [WRN] Microsoft.EntityFrameworkCore.Model.Validation: Entity 'Product' has a global query filter defined and is the required end of a relationship with the entity 'QuotationItem'. This may lead to unexpected results when the required entity is filtered out. Either configure the navigation as optional, or define matching query filters for both entities in the navigation. See https://go.microsoft.com/fwlink/?linkid=2131316 for more information.
2026-05-12 08:17:07.995 +00:00 [WRN] Microsoft.EntityFrameworkCore.Model.Validation: Entity 'Store' has a global query filter defined and is the required end of a relationship with the entity 'Sale'. This may lead to unexpected results when the required entity is filtered out. Either configure the navigation as optional, or define matching query filters for both entities in the navigation. See https://go.microsoft.com/fwlink/?linkid=2131316 for more information.
2026-05-12 08:17:07.996 +00:00 [WRN] Microsoft.EntityFrameworkCore.Model.Validation: Entity 'Product' has a global query filter defined and is the required end of a relationship with the entity 'SaleItem'. This may lead to unexpected results when the required entity is filtered out. Either configure the navigation as optional, or define matching query filters for both entities in the navigation. See https://go.microsoft.com/fwlink/?linkid=2131316 for more information.
2026-05-12 08:17:07.996 +00:00 [WRN] Microsoft.EntityFrameworkCore.Model.Validation: Entity 'Store' has a global query filter defined and is the required end of a relationship with the entity 'Shift'. This may lead to unexpected results when the required entity is filtered out. Either configure the navigation as optional, or define matching query filters for both entities in the navigation. See https://go.microsoft.com/fwlink/?linkid=2131316 for more information.
2026-05-12 08:17:07.996 +00:00 [WRN] Microsoft.EntityFrameworkCore.Model.Validation: Entity 'Store' has a global query filter defined and is the required end of a relationship with the entity 'StockTransfer'. This may lead to unexpected results when the required entity is filtered out. Either configure the navigation as optional, or define matching query filters for both entities in the navigation. See https://go.microsoft.com/fwlink/?linkid=2131316 for more information.
2026-05-12 08:17:07.997 +00:00 [WRN] Microsoft.EntityFrameworkCore.Model.Validation: Entity 'Product' has a global query filter defined and is the required end of a relationship with the entity 'StockTransferItem'. This may lead to unexpected results when the required entity is filtered out. Either configure the navigation as optional, or define matching query filters for both entities in the navigation. See https://go.microsoft.com/fwlink/?linkid=2131316 for more information.
2026-05-12 08:17:10.452 +00:00 [INF] : Salone Sales starting up
2026-05-12 08:17:10.871 +00:00 [INF] Microsoft.Hosting.Lifetime: Now listening on: http://localhost:5099
2026-05-12 08:17:10.875 +00:00 [INF] Microsoft.Hosting.Lifetime: Application started. Press Ctrl+C to shut down.
2026-05-12 08:17:10.876 +00:00 [INF] Microsoft.Hosting.Lifetime: Hosting environment: Development
2026-05-12 08:17:10.876 +00:00 [INF] Microsoft.Hosting.Lifetime: Content root path: C:\Users\SECAP Training\Documents\GitHub\SalesApp
2026-05-12 08:17:28.468 +00:00 [WRN] Microsoft.AspNetCore.HttpsPolicy.HttpsRedirectionMiddleware: Failed to determine the https port for redirect.
2026-05-12 08:17:32.363 +00:00 [ERR] Microsoft.AspNetCore.Diagnostics.DeveloperExceptionPageMiddleware: An unhandled exception has occurred while executing the request.
System.InvalidOperationException: Unable to find the required 'IAuthenticationService' service. Please add all the required services by calling 'IServiceCollection.AddAuthentication' in the application startup code.
   at Microsoft.AspNetCore.Authentication.AuthenticationHttpContextExtensions.GetAuthenticationService(HttpContext context)
   at Microsoft.AspNetCore.Authentication.AuthenticationHttpContextExtensions.ChallengeAsync(HttpContext context)
   at Microsoft.AspNetCore.Authorization.Policy.AuthorizationMiddlewareResultHandler.<>c__DisplayClass0_0.<<HandleAsync>g__Handle|0>d.MoveNext()
--- End of stack trace from previous location ---
   at Microsoft.AspNetCore.Authorization.AuthorizationMiddleware.Invoke(HttpContext context)
   at Microsoft.AspNetCore.Diagnostics.DeveloperExceptionPageMiddlewareImpl.Invoke(HttpContext context)
2026-05-12 08:20:32.027 +00:00 [WRN] Microsoft.EntityFrameworkCore.Model.Validation: Entity 'Customer' has a global query filter defined and is the required end of a relationship with the entity 'Interaction'. This may lead to unexpected results when the required entity is filtered out. Either configure the navigation as optional, or define matching query filters for both entities in the navigation. See https://go.microsoft.com/fwlink/?linkid=2131316 for more information.
2026-05-12 08:20:32.437 +00:00 [WRN] Microsoft.EntityFrameworkCore.Model.Validation: Entity 'Product' has a global query filter defined and is the required end of a relationship with the entity 'InventoryItem'. This may lead to unexpected results when the required entity is filtered out. Either configure the navigation as optional, or define matching query filters for both entities in the navigation. See https://go.microsoft.com/fwlink/?linkid=2131316 for more information.
2026-05-12 08:20:32.463 +00:00 [WRN] Microsoft.EntityFrameworkCore.Model.Validation: Entity 'Customer' has a global query filter defined and is the required end of a relationship with the entity 'Layaway'. This may lead to unexpected results when the required entity is filtered out. Either configure the navigation as optional, or define matching query filters for both entities in the navigation. See https://go.microsoft.com/fwlink/?linkid=2131316 for more information.
2026-05-12 08:20:32.463 +00:00 [WRN] Microsoft.EntityFrameworkCore.Model.Validation: Entity 'Store' has a global query filter defined and is the required end of a relationship with the entity 'PurchaseOrder'. This may lead to unexpected results when the required entity is filtered out. Either configure the navigation as optional, or define matching query filters for both entities in the navigation. See https://go.microsoft.com/fwlink/?linkid=2131316 for more information.
2026-05-12 08:20:32.464 +00:00 [WRN] Microsoft.EntityFrameworkCore.Model.Validation: Entity 'Product' has a global query filter defined and is the required end of a relationship with the entity 'PurchaseOrderItem'. This may lead to unexpected results when the required entity is filtered out. Either configure the navigation as optional, or define matching query filters for both entities in the navigation. See https://go.microsoft.com/fwlink/?linkid=2131316 for more information.
2026-05-12 08:20:32.464 +00:00 [WRN] Microsoft.EntityFrameworkCore.Model.Validation: Entity 'Customer' has a global query filter defined and is the required end of a relationship with the entity 'Quotation'. This may lead to unexpected results when the required entity is filtered out. Either configure the navigation as optional, or define matching query filters for both entities in the navigation. See https://go.microsoft.com/fwlink/?linkid=2131316 for more information.
2026-05-12 08:20:32.464 +00:00 [WRN] Microsoft.EntityFrameworkCore.Model.Validation: Entity 'Product' has a global query filter defined and is the required end of a relationship with the entity 'QuotationItem'. This may lead to unexpected results when the required entity is filtered out. Either configure the navigation as optional, or define matching query filters for both entities in the navigation. See https://go.microsoft.com/fwlink/?linkid=2131316 for more information.
2026-05-12 08:20:32.513 +00:00 [WRN] Microsoft.EntityFrameworkCore.Model.Validation: Entity 'Store' has a global query filter defined and is the required end of a relationship with the entity 'Sale'. This may lead to unexpected results when the required entity is filtered out. Either configure the navigation as optional, or define matching query filters for both entities in the navigation. See https://go.microsoft.com/fwlink/?linkid=2131316 for more information.
2026-05-12 08:20:32.513 +00:00 [WRN] Microsoft.EntityFrameworkCore.Model.Validation: Entity 'Product' has a global query filter defined and is the required end of a relationship with the entity 'SaleItem'. This may lead to unexpected results when the required entity is filtered out. Either configure the navigation as optional, or define matching query filters for both entities in the navigation. See https://go.microsoft.com/fwlink/?linkid=2131316 for more information.
2026-05-12 08:20:32.513 +00:00 [WRN] Microsoft.EntityFrameworkCore.Model.Validation: Entity 'Store' has a global query filter defined and is the required end of a relationship with the entity 'Shift'. This may lead to unexpected results when the required entity is filtered out. Either configure the navigation as optional, or define matching query filters for both entities in the navigation. See https://go.microsoft.com/fwlink/?linkid=2131316 for more information.
2026-05-12 08:20:32.517 +00:00 [WRN] Microsoft.EntityFrameworkCore.Model.Validation: Entity 'Store' has a global query filter defined and is the required end of a relationship with the entity 'StockTransfer'. This may lead to unexpected results when the required entity is filtered out. Either configure the navigation as optional, or define matching query filters for both entities in the navigation. See https://go.microsoft.com/fwlink/?linkid=2131316 for more information.
2026-05-12 08:20:32.518 +00:00 [WRN] Microsoft.EntityFrameworkCore.Model.Validation: Entity 'Product' has a global query filter defined and is the required end of a relationship with the entity 'StockTransferItem'. This may lead to unexpected results when the required entity is filtered out. Either configure the navigation as optional, or define matching query filters for both entities in the navigation. See https://go.microsoft.com/fwlink/?linkid=2131316 for more information.
2026-05-12 08:20:33.981 +00:00 [WRN] Microsoft.EntityFrameworkCore.Model.Validation: Entity 'Customer' has a global query filter defined and is the required end of a relationship with the entity 'Interaction'. This may lead to unexpected results when the required entity is filtered out. Either configure the navigation as optional, or define matching query filters for both entities in the navigation. See https://go.microsoft.com/fwlink/?linkid=2131316 for more information.
2026-05-12 08:20:33.981 +00:00 [WRN] Microsoft.EntityFrameworkCore.Model.Validation: Entity 'Product' has a global query filter defined and is the required end of a relationship with the entity 'InventoryItem'. This may lead to unexpected results when the required entity is filtered out. Either configure the navigation as optional, or define matching query filters for both entities in the navigation. See https://go.microsoft.com/fwlink/?linkid=2131316 for more information.
2026-05-12 08:20:33.981 +00:00 [WRN] Microsoft.EntityFrameworkCore.Model.Validation: Entity 'Customer' has a global query filter defined and is the required end of a relationship with the entity 'Layaway'. This may lead to unexpected results when the required entity is filtered out. Either configure the navigation as optional, or define matching query filters for both entities in the navigation. See https://go.microsoft.com/fwlink/?linkid=2131316 for more information.
2026-05-12 08:20:33.981 +00:00 [WRN] Microsoft.EntityFrameworkCore.Model.Validation: Entity 'Store' has a global query filter defined and is the required end of a relationship with the entity 'PurchaseOrder'. This may lead to unexpected results when the required entity is filtered out. Either configure the navigation as optional, or define matching query filters for both entities in the navigation. See https://go.microsoft.com/fwlink/?linkid=2131316 for more information.
2026-05-12 08:20:33.982 +00:00 [WRN] Microsoft.EntityFrameworkCore.Model.Validation: Entity 'Product' has a global query filter defined and is the required end of a relationship with the entity 'PurchaseOrderItem'. This may lead to unexpected results when the required entity is filtered out. Either configure the navigation as optional, or define matching query filters for both entities in the navigation. See https://go.microsoft.com/fwlink/?linkid=2131316 for more information.
2026-05-12 08:20:33.982 +00:00 [WRN] Microsoft.EntityFrameworkCore.Model.Validation: Entity 'Customer' has a global query filter defined and is the required end of a relationship with the entity 'Quotation'. This may lead to unexpected results when the required entity is filtered out. Either configure the navigation as optional, or define matching query filters for both entities in the navigation. See https://go.microsoft.com/fwlink/?linkid=2131316 for more information.
2026-05-12 08:20:33.982 +00:00 [WRN] Microsoft.EntityFrameworkCore.Model.Validation: Entity 'Product' has a global query filter defined and is the required end of a relationship with the entity 'QuotationItem'. This may lead to unexpected results when the required entity is filtered out. Either configure the navigation as optional, or define matching query filters for both entities in the navigation. See https://go.microsoft.com/fwlink/?linkid=2131316 for more information.
2026-05-12 08:20:33.982 +00:00 [WRN] Microsoft.EntityFrameworkCore.Model.Validation: Entity 'Store' has a global query filter defined and is the required end of a relationship with the entity 'Sale'. This may lead to unexpected results when the required entity is filtered out. Either configure the navigation as optional, or define matching query filters for both entities in the navigation. See https://go.microsoft.com/fwlink/?linkid=2131316 for more information.
2026-05-12 08:20:33.982 +00:00 [WRN] Microsoft.EntityFrameworkCore.Model.Validation: Entity 'Product' has a global query filter defined and is the required end of a relationship with the entity 'SaleItem'. This may lead to unexpected results when the required entity is filtered out. Either configure the navigation as optional, or define matching query filters for both entities in the navigation. See https://go.microsoft.com/fwlink/?linkid=2131316 for more information.
2026-05-12 08:20:33.982 +00:00 [WRN] Microsoft.EntityFrameworkCore.Model.Validation: Entity 'Store' has a global query filter defined and is the required end of a relationship with the entity 'Shift'. This may lead to unexpected results when the required entity is filtered out. Either configure the navigation as optional, or define matching query filters for both entities in the navigation. See https://go.microsoft.com/fwlink/?linkid=2131316 for more information.
2026-05-12 08:20:33.982 +00:00 [WRN] Microsoft.EntityFrameworkCore.Model.Validation: Entity 'Store' has a global query filter defined and is the required end of a relationship with the entity 'StockTransfer'. This may lead to unexpected results when the required entity is filtered out. Either configure the navigation as optional, or define matching query filters for both entities in the navigation. See https://go.microsoft.com/fwlink/?linkid=2131316 for more information.
2026-05-12 08:20:33.983 +00:00 [WRN] Microsoft.EntityFrameworkCore.Model.Validation: Entity 'Product' has a global query filter defined and is the required end of a relationship with the entity 'StockTransferItem'. This may lead to unexpected results when the required entity is filtered out. Either configure the navigation as optional, or define matching query filters for both entities in the navigation. See https://go.microsoft.com/fwlink/?linkid=2131316 for more information.
2026-05-12 08:20:36.785 +00:00 [INF] : Salone Sales starting up
2026-05-12 08:20:37.238 +00:00 [INF] Microsoft.Hosting.Lifetime: Now listening on: http://localhost:5099
2026-05-12 08:20:37.246 +00:00 [INF] Microsoft.Hosting.Lifetime: Application started. Press Ctrl+C to shut down.
2026-05-12 08:20:37.247 +00:00 [INF] Microsoft.Hosting.Lifetime: Hosting environment: Development
2026-05-12 08:20:37.247 +00:00 [INF] Microsoft.Hosting.Lifetime: Content root path: C:\Users\SECAP Training\Documents\GitHub\SalesApp
2026-05-12 08:20:37.517 +00:00 [WRN] Microsoft.AspNetCore.HttpsPolicy.HttpsRedirectionMiddleware: Failed to determine the https port for redirect.
2026-05-12 08:20:37.720 +00:00 [WRN] SalesApp.Services.Notifications.MobileMoneyService: MoMo confirmation for unknown invoice INV-X
2026-05-12 08:20:37.720 +00:00 [WRN] SalesApp.Services.Notifications.MobileMoneyService: MoMo confirmation for unknown invoice INV-X
2026-05-12 08:20:37.720 +00:00 [WRN] SalesApp.Services.Notifications.MobileMoneyService: MoMo confirmation for unknown invoice INV-X
2026-05-12 08:20:37.720 +00:00 [WRN] SalesApp.Services.Notifications.MobileMoneyService: MoMo confirmation for unknown invoice INV-X
2026-05-12 08:20:37.720 +00:00 [WRN] SalesApp.Services.Notifications.MobileMoneyService: MoMo confirmation for unknown invoice INV-X
2026-05-12 08:20:37.720 +00:00 [WRN] SalesApp.Services.Notifications.MobileMoneyService: MoMo confirmation for unknown invoice INV-X
2026-05-12 08:20:37.730 +00:00 [WRN] SalesApp.Services.Notifications.MobileMoneyService: MoMo confirmation for unknown invoice INV-X
2026-05-12 08:20:37.730 +00:00 [WRN] SalesApp.Services.Notifications.MobileMoneyService: MoMo confirmation for unknown invoice INV-X
2026-05-12 08:20:37.737 +00:00 [WRN] SalesApp.Services.Notifications.MobileMoneyService: MoMo confirmation for unknown invoice INV-X
2026-05-12 08:20:37.737 +00:00 [WRN] SalesApp.Services.Notifications.MobileMoneyService: MoMo confirmation for unknown invoice INV-X
2026-05-12 08:20:38.305 +00:00 [WRN] SalesApp.Services.Notifications.MobileMoneyService: MoMo confirmation for unknown invoice INV-X
2026-05-12 08:20:38.332 +00:00 [WRN] SalesApp.Services.Notifications.MobileMoneyService: MoMo confirmation for unknown invoice INV-X
2026-05-12 08:20:38.469 +00:00 [WRN] SalesApp.Services.Notifications.MobileMoneyService: MoMo confirmation for unknown invoice INV-X
2026-05-12 08:20:38.687 +00:00 [WRN] SalesApp.Services.Notifications.MobileMoneyService: MoMo confirmation for unknown invoice INV-X
2026-05-12 08:20:38.828 +00:00 [WRN] SalesApp.Services.Notifications.MobileMoneyService: MoMo confirmation for unknown invoice INV-X
2026-05-12 08:20:38.978 +00:00 [WRN] SalesApp.Services.Notifications.MobileMoneyService: MoMo confirmation for unknown invoice INV-X
2026-05-12 08:20:39.161 +00:00 [WRN] SalesApp.Services.Notifications.MobileMoneyService: MoMo confirmation for unknown invoice INV-X
2026-05-12 08:20:39.263 +00:00 [WRN] SalesApp.Services.Notifications.MobileMoneyService: MoMo confirmation for unknown invoice INV-X
2026-05-12 08:20:39.464 +00:00 [WRN] SalesApp.Services.Notifications.MobileMoneyService: MoMo confirmation for unknown invoice INV-X
2026-05-12 08:20:39.646 +00:00 [WRN] SalesApp.Services.Notifications.MobileMoneyService: MoMo confirmation for unknown invoice INV-X
2026-05-12 08:20:39.890 +00:00 [WRN] SalesApp.Services.Notifications.MobileMoneyService: MoMo confirmation for unknown invoice INV-X
2026-05-12 08:20:40.060 +00:00 [WRN] SalesApp.Services.Notifications.MobileMoneyService: MoMo confirmation for unknown invoice INV-X
2026-05-12 08:20:40.247 +00:00 [WRN] SalesApp.Services.Notifications.MobileMoneyService: MoMo confirmation for unknown invoice INV-X
2026-05-12 08:20:40.446 +00:00 [WRN] SalesApp.Services.Notifications.MobileMoneyService: MoMo confirmation for unknown invoice INV-X
2026-05-12 08:20:40.559 +00:00 [WRN] SalesApp.Services.Notifications.MobileMoneyService: MoMo confirmation for unknown invoice INV-X
2026-05-12 08:20:40.706 +00:00 [WRN] SalesApp.Services.Notifications.MobileMoneyService: MoMo confirmation for unknown invoice INV-X
2026-05-12 08:20:40.828 +00:00 [WRN] SalesApp.Services.Notifications.MobileMoneyService: MoMo confirmation for unknown invoice INV-X
2026-05-12 08:20:40.966 +00:00 [WRN] SalesApp.Services.Notifications.MobileMoneyService: MoMo confirmation for unknown invoice INV-X
2026-05-12 08:20:41.063 +00:00 [WRN] SalesApp.Services.Notifications.MobileMoneyService: MoMo confirmation for unknown invoice INV-X
2026-05-12 08:20:41.245 +00:00 [WRN] SalesApp.Services.Notifications.MobileMoneyService: MoMo confirmation for unknown invoice INV-X
2026-05-12 08:20:41.366 +00:00 [WRN] SalesApp.Services.Notifications.MobileMoneyService: MoMo confirmation for unknown invoice INV-X
2026-05-12 08:20:41.501 +00:00 [WRN] SalesApp.Services.Notifications.MobileMoneyService: MoMo confirmation for unknown invoice INV-X
2026-05-12 08:20:41.627 +00:00 [WRN] SalesApp.Services.Notifications.MobileMoneyService: MoMo confirmation for unknown invoice INV-X
2026-05-12 08:20:41.848 +00:00 [WRN] SalesApp.Services.Notifications.MobileMoneyService: MoMo confirmation for unknown invoice INV-X
2026-05-12 08:20:42.015 +00:00 [WRN] SalesApp.Services.Notifications.MobileMoneyService: MoMo confirmation for unknown invoice INV-X
2026-05-12 08:20:42.188 +00:00 [WRN] SalesApp.Services.Notifications.MobileMoneyService: MoMo confirmation for unknown invoice INV-X
2026-05-12 08:20:42.449 +00:00 [WRN] SalesApp.Services.Notifications.MobileMoneyService: MoMo confirmation for unknown invoice INV-X
2026-05-12 08:20:42.534 +00:00 [WRN] SalesApp.Services.Notifications.MobileMoneyService: MoMo confirmation for unknown invoice INV-X
2026-05-12 08:20:42.669 +00:00 [WRN] SalesApp.Services.Notifications.MobileMoneyService: MoMo confirmation for unknown invoice INV-X
2026-05-12 08:20:42.801 +00:00 [WRN] SalesApp.Services.Notifications.MobileMoneyService: MoMo confirmation for unknown invoice INV-X
2026-05-12 08:21:34.695 +00:00 [WRN] SalesApp.Services.Notifications.MobileMoneyService: MoMo confirmation for unknown invoice INV-X
2026-05-12 08:21:34.879 +00:00 [WRN] SalesApp.Services.Notifications.MobileMoneyService: MoMo confirmation for unknown invoice INV-X
2026-05-12 08:21:35.078 +00:00 [WRN] SalesApp.Services.Notifications.MobileMoneyService: MoMo confirmation for unknown invoice INV-X
2026-05-12 08:21:35.267 +00:00 [WRN] SalesApp.Services.Notifications.MobileMoneyService: MoMo confirmation for unknown invoice INV-X
2026-05-12 08:21:35.481 +00:00 [WRN] SalesApp.Services.Notifications.MobileMoneyService: MoMo confirmation for unknown invoice INV-X
2026-05-12 08:21:35.687 +00:00 [WRN] SalesApp.Services.Notifications.MobileMoneyService: MoMo confirmation for unknown invoice INV-X
2026-05-12 08:21:36.103 +00:00 [WRN] SalesApp.Services.Notifications.MobileMoneyService: MoMo confirmation for unknown invoice INV-X
2026-05-12 08:21:36.356 +00:00 [WRN] SalesApp.Services.Notifications.MobileMoneyService: MoMo confirmation for unknown invoice INV-X
2026-05-12 08:21:36.607 +00:00 [WRN] SalesApp.Services.Notifications.MobileMoneyService: MoMo confirmation for unknown invoice INV-X
2026-05-12 08:21:36.761 +00:00 [WRN] SalesApp.Services.Notifications.MobileMoneyService: MoMo confirmation for unknown invoice INV-X
2026-05-12 08:21:36.981 +00:00 [WRN] SalesApp.Services.Notifications.MobileMoneyService: MoMo confirmation for unknown invoice INV-X
2026-05-12 08:21:37.215 +00:00 [WRN] SalesApp.Services.Notifications.MobileMoneyService: MoMo confirmation for unknown invoice INV-X
2026-05-12 08:21:37.448 +00:00 [WRN] SalesApp.Services.Notifications.MobileMoneyService: MoMo confirmation for unknown invoice INV-X
2026-05-12 08:21:37.665 +00:00 [WRN] SalesApp.Services.Notifications.MobileMoneyService: MoMo confirmation for unknown invoice INV-X
2026-05-12 08:21:37.894 +00:00 [WRN] SalesApp.Services.Notifications.MobileMoneyService: MoMo confirmation for unknown invoice INV-X
2026-05-12 08:21:38.115 +00:00 [WRN] SalesApp.Services.Notifications.MobileMoneyService: MoMo confirmation for unknown invoice INV-X
2026-05-12 08:21:38.299 +00:00 [WRN] SalesApp.Services.Notifications.MobileMoneyService: MoMo confirmation for unknown invoice INV-X
2026-05-12 08:21:38.463 +00:00 [WRN] SalesApp.Services.Notifications.MobileMoneyService: MoMo confirmation for unknown invoice INV-X
2026-05-12 08:21:38.627 +00:00 [WRN] SalesApp.Services.Notifications.MobileMoneyService: MoMo confirmation for unknown invoice INV-X
2026-05-12 08:21:38.774 +00:00 [WRN] SalesApp.Services.Notifications.MobileMoneyService: MoMo confirmation for unknown invoice INV-X
2026-05-12 08:21:38.933 +00:00 [WRN] SalesApp.Services.Notifications.MobileMoneyService: MoMo confirmation for unknown invoice INV-X
2026-05-12 08:21:39.088 +00:00 [WRN] SalesApp.Services.Notifications.MobileMoneyService: MoMo confirmation for unknown invoice INV-X
2026-05-12 08:21:39.300 +00:00 [WRN] SalesApp.Services.Notifications.MobileMoneyService: MoMo confirmation for unknown invoice INV-X
2026-05-12 08:21:39.462 +00:00 [WRN] SalesApp.Services.Notifications.MobileMoneyService: MoMo confirmation for unknown invoice INV-X
2026-05-12 08:21:39.625 +00:00 [WRN] SalesApp.Services.Notifications.MobileMoneyService: MoMo confirmation for unknown invoice INV-X
2026-05-12 08:21:39.787 +00:00 [WRN] SalesApp.Services.Notifications.MobileMoneyService: MoMo confirmation for unknown invoice INV-X
2026-05-12 08:21:40.009 +00:00 [WRN] SalesApp.Services.Notifications.MobileMoneyService: MoMo confirmation for unknown invoice INV-X
2026-05-12 08:21:40.138 +00:00 [WRN] SalesApp.Services.Notifications.MobileMoneyService: MoMo confirmation for unknown invoice INV-X
2026-05-12 08:21:40.272 +00:00 [WRN] SalesApp.Services.Notifications.MobileMoneyService: MoMo confirmation for unknown invoice INV-X
2026-05-12 08:21:40.419 +00:00 [WRN] SalesApp.Services.Notifications.MobileMoneyService: MoMo confirmation for unknown invoice INV-X
2026-05-12 08:21:40.583 +00:00 [WRN] SalesApp.Services.Notifications.MobileMoneyService: MoMo confirmation for unknown invoice INV-X
2026-05-12 08:21:40.743 +00:00 [WRN] SalesApp.Services.Notifications.MobileMoneyService: MoMo confirmation for unknown invoice INV-X
2026-05-12 08:21:40.898 +00:00 [WRN] SalesApp.Services.Notifications.MobileMoneyService: MoMo confirmation for unknown invoice INV-X
2026-05-12 08:21:41.053 +00:00 [WRN] SalesApp.Services.Notifications.MobileMoneyService: MoMo confirmation for unknown invoice INV-X
2026-05-12 08:21:41.187 +00:00 [WRN] SalesApp.Services.Notifications.MobileMoneyService: MoMo confirmation for unknown invoice INV-X
2026-05-12 08:21:41.370 +00:00 [WRN] SalesApp.Services.Notifications.MobileMoneyService: MoMo confirmation for unknown invoice INV-X
2026-05-12 08:21:41.499 +00:00 [WRN] SalesApp.Services.Notifications.MobileMoneyService: MoMo confirmation for unknown invoice INV-X
2026-05-12 08:21:41.641 +00:00 [WRN] SalesApp.Services.Notifications.MobileMoneyService: MoMo confirmation for unknown invoice INV-X
2026-05-12 08:21:41.766 +00:00 [WRN] SalesApp.Services.Notifications.MobileMoneyService: MoMo confirmation for unknown invoice INV-X
2026-05-12 08:21:41.885 +00:00 [WRN] SalesApp.Services.Notifications.MobileMoneyService: MoMo confirmation for unknown invoice INV-X
2026-05-12 08:21:42.002 +00:00 [WRN] SalesApp.Services.Notifications.MobileMoneyService: MoMo confirmation for unknown invoice INV-X
2026-05-12 08:21:42.137 +00:00 [WRN] SalesApp.Services.Notifications.MobileMoneyService: MoMo confirmation for unknown invoice INV-X
2026-05-12 08:21:42.254 +00:00 [WRN] SalesApp.Services.Notifications.MobileMoneyService: MoMo confirmation for unknown invoice INV-X
2026-05-12 08:21:42.367 +00:00 [WRN] SalesApp.Services.Notifications.MobileMoneyService: MoMo confirmation for unknown invoice INV-X
2026-05-12 08:21:42.471 +00:00 [WRN] SalesApp.Services.Notifications.MobileMoneyService: MoMo confirmation for unknown invoice INV-X
2026-05-12 08:21:42.595 +00:00 [WRN] SalesApp.Services.Notifications.MobileMoneyService: MoMo confirmation for unknown invoice INV-X
2026-05-12 08:21:42.734 +00:00 [WRN] SalesApp.Services.Notifications.MobileMoneyService: MoMo confirmation for unknown invoice INV-X
2026-05-12 08:21:42.858 +00:00 [WRN] SalesApp.Services.Notifications.MobileMoneyService: MoMo confirmation for unknown invoice INV-X
2026-05-12 08:21:42.975 +00:00 [WRN] SalesApp.Services.Notifications.MobileMoneyService: MoMo confirmation for unknown invoice INV-X
2026-05-12 08:21:43.087 +00:00 [WRN] SalesApp.Services.Notifications.MobileMoneyService: MoMo confirmation for unknown invoice INV-X
2026-05-12 08:21:43.200 +00:00 [WRN] SalesApp.Services.Notifications.MobileMoneyService: MoMo confirmation for unknown invoice INV-X
2026-05-12 08:21:43.312 +00:00 [WRN] SalesApp.Services.Notifications.MobileMoneyService: MoMo confirmation for unknown invoice INV-X
2026-05-12 08:21:43.441 +00:00 [WRN] SalesApp.Services.Notifications.MobileMoneyService: MoMo confirmation for unknown invoice INV-X
2026-05-12 08:21:43.635 +00:00 [WRN] SalesApp.Services.Notifications.MobileMoneyService: MoMo confirmation for unknown invoice INV-X
2026-05-12 08:21:43.836 +00:00 [WRN] SalesApp.Services.Notifications.MobileMoneyService: MoMo confirmation for unknown invoice INV-X
2026-05-12 08:21:44.017 +00:00 [WRN] SalesApp.Services.Notifications.MobileMoneyService: MoMo confirmation for unknown invoice INV-X
2026-05-12 08:21:44.198 +00:00 [WRN] SalesApp.Services.Notifications.MobileMoneyService: MoMo confirmation for unknown invoice INV-X
2026-05-12 08:21:44.418 +00:00 [WRN] SalesApp.Services.Notifications.MobileMoneyService: MoMo confirmation for unknown invoice INV-X
2026-05-12 08:21:44.716 +00:00 [WRN] SalesApp.Services.Notifications.MobileMoneyService: MoMo confirmation for unknown invoice INV-X
2026-05-12 08:21:44.899 +00:00 [WRN] SalesApp.Services.Notifications.MobileMoneyService: MoMo confirmation for unknown invoice INV-X
2026-05-12 08:21:45.057 +00:00 [WRN] SalesApp.Services.Notifications.MobileMoneyService: MoMo confirmation for unknown invoice INV-X
2026-05-12 08:21:45.227 +00:00 [WRN] SalesApp.Services.Notifications.MobileMoneyService: MoMo confirmation for unknown invoice INV-X
2026-05-12 08:21:45.494 +00:00 [WRN] SalesApp.Services.Notifications.MobileMoneyService: MoMo confirmation for unknown invoice INV-X
2026-05-12 08:21:45.687 +00:00 [WRN] SalesApp.Services.Notifications.MobileMoneyService: MoMo confirmation for unknown invoice INV-X
2026-05-12 08:21:45.835 +00:00 [WRN] SalesApp.Services.Notifications.MobileMoneyService: MoMo confirmation for unknown invoice INV-X
2026-05-12 08:21:46.016 +00:00 [WRN] SalesApp.Services.Notifications.MobileMoneyService: MoMo confirmation for unknown invoice INV-X
2026-05-12 08:21:46.196 +00:00 [WRN] SalesApp.Services.Notifications.MobileMoneyService: MoMo confirmation for unknown invoice INV-X
2026-05-12 08:21:46.399 +00:00 [WRN] SalesApp.Services.Notifications.MobileMoneyService: MoMo confirmation for unknown invoice INV-X
2026-05-12 08:21:46.553 +00:00 [WRN] SalesApp.Services.Notifications.MobileMoneyService: MoMo confirmation for unknown invoice INV-X
2026-05-12 08:21:46.715 +00:00 [WRN] SalesApp.Services.Notifications.MobileMoneyService: MoMo confirmation for unknown invoice INV-X
2026-05-12 08:22:52.030 +00:00 [WRN] Microsoft.EntityFrameworkCore.Model.Validation: Entity 'Customer' has a global query filter defined and is the required end of a relationship with the entity 'Interaction'. This may lead to unexpected results when the required entity is filtered out. Either configure the navigation as optional, or define matching query filters for both entities in the navigation. See https://go.microsoft.com/fwlink/?linkid=2131316 for more information.
2026-05-12 08:22:52.126 +00:00 [WRN] Microsoft.EntityFrameworkCore.Model.Validation: Entity 'Product' has a global query filter defined and is the required end of a relationship with the entity 'InventoryItem'. This may lead to unexpected results when the required entity is filtered out. Either configure the navigation as optional, or define matching query filters for both entities in the navigation. See https://go.microsoft.com/fwlink/?linkid=2131316 for more information.
2026-05-12 08:22:52.126 +00:00 [WRN] Microsoft.EntityFrameworkCore.Model.Validation: Entity 'Customer' has a global query filter defined and is the required end of a relationship with the entity 'Layaway'. This may lead to unexpected results when the required entity is filtered out. Either configure the navigation as optional, or define matching query filters for both entities in the navigation. See https://go.microsoft.com/fwlink/?linkid=2131316 for more information.
2026-05-12 08:22:52.126 +00:00 [WRN] Microsoft.EntityFrameworkCore.Model.Validation: Entity 'Store' has a global query filter defined and is the required end of a relationship with the entity 'PurchaseOrder'. This may lead to unexpected results when the required entity is filtered out. Either configure the navigation as optional, or define matching query filters for both entities in the navigation. See https://go.microsoft.com/fwlink/?linkid=2131316 for more information.
2026-05-12 08:22:52.127 +00:00 [WRN] Microsoft.EntityFrameworkCore.Model.Validation: Entity 'Product' has a global query filter defined and is the required end of a relationship with the entity 'PurchaseOrderItem'. This may lead to unexpected results when the required entity is filtered out. Either configure the navigation as optional, or define matching query filters for both entities in the navigation. See https://go.microsoft.com/fwlink/?linkid=2131316 for more information.
2026-05-12 08:22:52.127 +00:00 [WRN] Microsoft.EntityFrameworkCore.Model.Validation: Entity 'Customer' has a global query filter defined and is the required end of a relationship with the entity 'Quotation'. This may lead to unexpected results when the required entity is filtered out. Either configure the navigation as optional, or define matching query filters for both entities in the navigation. See https://go.microsoft.com/fwlink/?linkid=2131316 for more information.
2026-05-12 08:22:52.127 +00:00 [WRN] Microsoft.EntityFrameworkCore.Model.Validation: Entity 'Product' has a global query filter defined and is the required end of a relationship with the entity 'QuotationItem'. This may lead to unexpected results when the required entity is filtered out. Either configure the navigation as optional, or define matching query filters for both entities in the navigation. See https://go.microsoft.com/fwlink/?linkid=2131316 for more information.
2026-05-12 08:22:52.127 +00:00 [WRN] Microsoft.EntityFrameworkCore.Model.Validation: Entity 'Store' has a global query filter defined and is the required end of a relationship with the entity 'Sale'. This may lead to unexpected results when the required entity is filtered out. Either configure the navigation as optional, or define matching query filters for both entities in the navigation. See https://go.microsoft.com/fwlink/?linkid=2131316 for more information.
2026-05-12 08:22:52.127 +00:00 [WRN] Microsoft.EntityFrameworkCore.Model.Validation: Entity 'Product' has a global query filter defined and is the required end of a relationship with the entity 'SaleItem'. This may lead to unexpected results when the required entity is filtered out. Either configure the navigation as optional, or define matching query filters for both entities in the navigation. See https://go.microsoft.com/fwlink/?linkid=2131316 for more information.
2026-05-12 08:22:52.127 +00:00 [WRN] Microsoft.EntityFrameworkCore.Model.Validation: Entity 'Store' has a global query filter defined and is the required end of a relationship with the entity 'Shift'. This may lead to unexpected results when the required entity is filtered out. Either configure the navigation as optional, or define matching query filters for both entities in the navigation. See https://go.microsoft.com/fwlink/?linkid=2131316 for more information.
2026-05-12 08:22:52.127 +00:00 [WRN] Microsoft.EntityFrameworkCore.Model.Validation: Entity 'Store' has a global query filter defined and is the required end of a relationship with the entity 'StockTransfer'. This may lead to unexpected results when the required entity is filtered out. Either configure the navigation as optional, or define matching query filters for both entities in the navigation. See https://go.microsoft.com/fwlink/?linkid=2131316 for more information.
2026-05-12 08:22:52.127 +00:00 [WRN] Microsoft.EntityFrameworkCore.Model.Validation: Entity 'Product' has a global query filter defined and is the required end of a relationship with the entity 'StockTransferItem'. This may lead to unexpected results when the required entity is filtered out. Either configure the navigation as optional, or define matching query filters for both entities in the navigation. See https://go.microsoft.com/fwlink/?linkid=2131316 for more information.
2026-05-12 08:22:52.493 +00:00 [WRN] Microsoft.EntityFrameworkCore.Model.Validation: Entity 'Customer' has a global query filter defined and is the required end of a relationship with the entity 'Interaction'. This may lead to unexpected results when the required entity is filtered out. Either configure the navigation as optional, or define matching query filters for both entities in the navigation. See https://go.microsoft.com/fwlink/?linkid=2131316 for more information.
2026-05-12 08:22:52.494 +00:00 [WRN] Microsoft.EntityFrameworkCore.Model.Validation: Entity 'Product' has a global query filter defined and is the required end of a relationship with the entity 'InventoryItem'. This may lead to unexpected results when the required entity is filtered out. Either configure the navigation as optional, or define matching query filters for both entities in the navigation. See https://go.microsoft.com/fwlink/?linkid=2131316 for more information.
2026-05-12 08:22:52.494 +00:00 [WRN] Microsoft.EntityFrameworkCore.Model.Validation: Entity 'Customer' has a global query filter defined and is the required end of a relationship with the entity 'Layaway'. This may lead to unexpected results when the required entity is filtered out. Either configure the navigation as optional, or define matching query filters for both entities in the navigation. See https://go.microsoft.com/fwlink/?linkid=2131316 for more information.
2026-05-12 08:22:52.494 +00:00 [WRN] Microsoft.EntityFrameworkCore.Model.Validation: Entity 'Store' has a global query filter defined and is the required end of a relationship with the entity 'PurchaseOrder'. This may lead to unexpected results when the required entity is filtered out. Either configure the navigation as optional, or define matching query filters for both entities in the navigation. See https://go.microsoft.com/fwlink/?linkid=2131316 for more information.
2026-05-12 08:22:52.494 +00:00 [WRN] Microsoft.EntityFrameworkCore.Model.Validation: Entity 'Product' has a global query filter defined and is the required end of a relationship with the entity 'PurchaseOrderItem'. This may lead to unexpected results when the required entity is filtered out. Either configure the navigation as optional, or define matching query filters for both entities in the navigation. See https://go.microsoft.com/fwlink/?linkid=2131316 for more information.
2026-05-12 08:22:52.494 +00:00 [WRN] Microsoft.EntityFrameworkCore.Model.Validation: Entity 'Customer' has a global query filter defined and is the required end of a relationship with the entity 'Quotation'. This may lead to unexpected results when the required entity is filtered out. Either configure the navigation as optional, or define matching query filters for both entities in the navigation. See https://go.microsoft.com/fwlink/?linkid=2131316 for more information.
2026-05-12 08:22:52.494 +00:00 [WRN] Microsoft.EntityFrameworkCore.Model.Validation: Entity 'Product' has a global query filter defined and is the required end of a relationship with the entity 'QuotationItem'. This may lead to unexpected results when the required entity is filtered out. Either configure the navigation as optional, or define matching query filters for both entities in the navigation. See https://go.microsoft.com/fwlink/?linkid=2131316 for more information.
2026-05-12 08:22:52.494 +00:00 [WRN] Microsoft.EntityFrameworkCore.Model.Validation: Entity 'Store' has a global query filter defined and is the required end of a relationship with the entity 'Sale'. This may lead to unexpected results when the required entity is filtered out. Either configure the navigation as optional, or define matching query filters for both entities in the navigation. See https://go.microsoft.com/fwlink/?linkid=2131316 for more information.
2026-05-12 08:22:52.494 +00:00 [WRN] Microsoft.EntityFrameworkCore.Model.Validation: Entity 'Product' has a global query filter defined and is the required end of a relationship with the entity 'SaleItem'. This may lead to unexpected results when the required entity is filtered out. Either configure the navigation as optional, or define matching query filters for both entities in the navigation. See https://go.microsoft.com/fwlink/?linkid=2131316 for more information.
2026-05-12 08:22:52.494 +00:00 [WRN] Microsoft.EntityFrameworkCore.Model.Validation: Entity 'Store' has a global query filter defined and is the required end of a relationship with the entity 'Shift'. This may lead to unexpected results when the required entity is filtered out. Either configure the navigation as optional, or define matching query filters for both entities in the navigation. See https://go.microsoft.com/fwlink/?linkid=2131316 for more information.
2026-05-12 08:22:52.495 +00:00 [WRN] Microsoft.EntityFrameworkCore.Model.Validation: Entity 'Store' has a global query filter defined and is the required end of a relationship with the entity 'StockTransfer'. This may lead to unexpected results when the required entity is filtered out. Either configure the navigation as optional, or define matching query filters for both entities in the navigation. See https://go.microsoft.com/fwlink/?linkid=2131316 for more information.
2026-05-12 08:22:52.495 +00:00 [WRN] Microsoft.EntityFrameworkCore.Model.Validation: Entity 'Product' has a global query filter defined and is the required end of a relationship with the entity 'StockTransferItem'. This may lead to unexpected results when the required entity is filtered out. Either configure the navigation as optional, or define matching query filters for both entities in the navigation. See https://go.microsoft.com/fwlink/?linkid=2131316 for more information.
2026-05-12 08:22:53.646 +00:00 [INF] : Salone Sales starting up
2026-05-12 08:22:53.907 +00:00 [INF] Microsoft.Hosting.Lifetime: Now listening on: http://localhost:5099
2026-05-12 08:22:53.911 +00:00 [INF] Microsoft.Hosting.Lifetime: Application started. Press Ctrl+C to shut down.
2026-05-12 08:22:53.911 +00:00 [INF] Microsoft.Hosting.Lifetime: Hosting environment: Development
2026-05-12 08:22:53.911 +00:00 [INF] Microsoft.Hosting.Lifetime: Content root path: C:\Users\SECAP Training\Documents\GitHub\SalesApp
2026-05-12 08:33:22.021 +00:00 [WRN] Microsoft.AspNetCore.HttpsPolicy.HttpsRedirectionMiddleware: Failed to determine the https port for redirect.
2026-05-12 08:33:23.090 +00:00 [INF] SalesApp.Services.DemoAuthHandler: AuthenticationScheme: Demo was forbidden.
2026-05-12 08:33:23.159 +00:00 [INF] SalesApp.Services.DemoAuthHandler: AuthenticationScheme: Demo was forbidden.
2026-05-12 08:33:23.232 +00:00 [INF] SalesApp.Services.DemoAuthHandler: AuthenticationScheme: Demo was forbidden.
2026-05-12 08:33:23.293 +00:00 [INF] SalesApp.Services.DemoAuthHandler: AuthenticationScheme: Demo was forbidden.
2026-05-12 08:33:46.792 +00:00 [WRN] SalesApp.Services.Notifications.MobileMoneyService: MoMo confirmation for unknown invoice INV-X
2026-05-12 08:33:46.957 +00:00 [WRN] SalesApp.Services.Notifications.MobileMoneyService: MoMo confirmation for unknown invoice INV-X
2026-05-12 08:33:47.101 +00:00 [WRN] SalesApp.Services.Notifications.MobileMoneyService: MoMo confirmation for unknown invoice INV-X
2026-05-12 08:33:47.214 +00:00 [WRN] SalesApp.Services.Notifications.MobileMoneyService: MoMo confirmation for unknown invoice INV-X
2026-05-12 08:33:47.334 +00:00 [WRN] SalesApp.Services.Notifications.MobileMoneyService: MoMo confirmation for unknown invoice INV-X
2026-05-12 08:33:47.437 +00:00 [WRN] SalesApp.Services.Notifications.MobileMoneyService: MoMo confirmation for unknown invoice INV-X
2026-05-12 08:33:47.532 +00:00 [WRN] SalesApp.Services.Notifications.MobileMoneyService: MoMo confirmation for unknown invoice INV-X
2026-05-12 08:33:47.616 +00:00 [WRN] SalesApp.Services.Notifications.MobileMoneyService: MoMo confirmation for unknown invoice INV-X
2026-05-12 08:33:47.701 +00:00 [WRN] SalesApp.Services.Notifications.MobileMoneyService: MoMo confirmation for unknown invoice INV-X
2026-05-12 08:33:47.774 +00:00 [WRN] SalesApp.Services.Notifications.MobileMoneyService: MoMo confirmation for unknown invoice INV-X
2026-05-12 08:33:47.853 +00:00 [WRN] SalesApp.Services.Notifications.MobileMoneyService: MoMo confirmation for unknown invoice INV-X
2026-05-12 08:33:47.940 +00:00 [WRN] SalesApp.Services.Notifications.MobileMoneyService: MoMo confirmation for unknown invoice INV-X
2026-05-12 08:33:48.043 +00:00 [WRN] SalesApp.Services.Notifications.MobileMoneyService: MoMo confirmation for unknown invoice INV-X
2026-05-12 08:33:48.126 +00:00 [WRN] SalesApp.Services.Notifications.MobileMoneyService: MoMo confirmation for unknown invoice INV-X
2026-05-12 08:33:48.222 +00:00 [WRN] SalesApp.Services.Notifications.MobileMoneyService: MoMo confirmation for unknown invoice INV-X
2026-05-12 08:33:48.319 +00:00 [WRN] SalesApp.Services.Notifications.MobileMoneyService: MoMo confirmation for unknown invoice INV-X
2026-05-12 08:33:48.407 +00:00 [WRN] SalesApp.Services.Notifications.MobileMoneyService: MoMo confirmation for unknown invoice INV-X
2026-05-12 08:33:48.487 +00:00 [WRN] SalesApp.Services.Notifications.MobileMoneyService: MoMo confirmation for unknown invoice INV-X
2026-05-12 08:33:48.564 +00:00 [WRN] SalesApp.Services.Notifications.MobileMoneyService: MoMo confirmation for unknown invoice INV-X
2026-05-12 08:33:48.648 +00:00 [WRN] SalesApp.Services.Notifications.MobileMoneyService: MoMo confirmation for unknown invoice INV-X
2026-05-12 08:33:48.727 +00:00 [WRN] SalesApp.Services.Notifications.MobileMoneyService: MoMo confirmation for unknown invoice INV-X
2026-05-12 08:33:48.809 +00:00 [WRN] SalesApp.Services.Notifications.MobileMoneyService: MoMo confirmation for unknown invoice INV-X
2026-05-12 08:33:48.870 +00:00 [WRN] SalesApp.Services.Notifications.MobileMoneyService: MoMo confirmation for unknown invoice INV-X
2026-05-12 08:33:48.935 +00:00 [WRN] SalesApp.Services.Notifications.MobileMoneyService: MoMo confirmation for unknown invoice INV-X
2026-05-12 08:33:49.010 +00:00 [WRN] SalesApp.Services.Notifications.MobileMoneyService: MoMo confirmation for unknown invoice INV-X
2026-05-12 08:33:49.093 +00:00 [WRN] SalesApp.Services.Notifications.MobileMoneyService: MoMo confirmation for unknown invoice INV-X
2026-05-12 08:33:49.152 +00:00 [WRN] SalesApp.Services.Notifications.MobileMoneyService: MoMo confirmation for unknown invoice INV-X
2026-05-12 08:33:49.216 +00:00 [WRN] SalesApp.Services.Notifications.MobileMoneyService: MoMo confirmation for unknown invoice INV-X
2026-05-12 08:33:49.277 +00:00 [WRN] SalesApp.Services.Notifications.MobileMoneyService: MoMo confirmation for unknown invoice INV-X
2026-05-12 08:33:49.355 +00:00 [WRN] SalesApp.Services.Notifications.MobileMoneyService: MoMo confirmation for unknown invoice INV-X
2026-05-12 08:33:49.423 +00:00 [WRN] SalesApp.Services.Notifications.MobileMoneyService: MoMo confirmation for unknown invoice INV-X
2026-05-12 08:33:49.497 +00:00 [WRN] SalesApp.Services.Notifications.MobileMoneyService: MoMo confirmation for unknown invoice INV-X
2026-05-12 08:33:49.581 +00:00 [WRN] SalesApp.Services.Notifications.MobileMoneyService: MoMo confirmation for unknown invoice INV-X
2026-05-12 08:33:49.650 +00:00 [WRN] SalesApp.Services.Notifications.MobileMoneyService: MoMo confirmation for unknown invoice INV-X
2026-05-12 08:33:49.721 +00:00 [WRN] SalesApp.Services.Notifications.MobileMoneyService: MoMo confirmation for unknown invoice INV-X
2026-05-12 08:33:49.803 +00:00 [WRN] SalesApp.Services.Notifications.MobileMoneyService: MoMo confirmation for unknown invoice INV-X
2026-05-12 08:33:49.882 +00:00 [WRN] SalesApp.Services.Notifications.MobileMoneyService: MoMo confirmation for unknown invoice INV-X
2026-05-12 08:33:49.949 +00:00 [WRN] SalesApp.Services.Notifications.MobileMoneyService: MoMo confirmation for unknown invoice INV-X
2026-05-12 08:33:50.022 +00:00 [WRN] SalesApp.Services.Notifications.MobileMoneyService: MoMo confirmation for unknown invoice INV-X
2026-05-12 08:33:50.098 +00:00 [WRN] SalesApp.Services.Notifications.MobileMoneyService: MoMo confirmation for unknown invoice INV-X
2026-05-12 08:33:50.181 +00:00 [WRN] SalesApp.Services.Notifications.MobileMoneyService: MoMo confirmation for unknown invoice INV-X
2026-05-12 08:33:50.250 +00:00 [WRN] SalesApp.Services.Notifications.MobileMoneyService: MoMo confirmation for unknown invoice INV-X
2026-05-12 08:33:50.340 +00:00 [WRN] SalesApp.Services.Notifications.MobileMoneyService: MoMo confirmation for unknown invoice INV-X
2026-05-12 08:33:50.418 +00:00 [WRN] SalesApp.Services.Notifications.MobileMoneyService: MoMo confirmation for unknown invoice INV-X
2026-05-12 08:33:50.487 +00:00 [WRN] SalesApp.Services.Notifications.MobileMoneyService: MoMo confirmation for unknown invoice INV-X
2026-05-12 08:33:50.555 +00:00 [WRN] SalesApp.Services.Notifications.MobileMoneyService: MoMo confirmation for unknown invoice INV-X
2026-05-12 08:33:50.632 +00:00 [WRN] SalesApp.Services.Notifications.MobileMoneyService: MoMo confirmation for unknown invoice INV-X
2026-05-12 08:33:50.701 +00:00 [WRN] SalesApp.Services.Notifications.MobileMoneyService: MoMo confirmation for unknown invoice INV-X
2026-05-12 08:33:50.787 +00:00 [WRN] SalesApp.Services.Notifications.MobileMoneyService: MoMo confirmation for unknown invoice INV-X
2026-05-12 08:33:50.870 +00:00 [WRN] SalesApp.Services.Notifications.MobileMoneyService: MoMo confirmation for unknown invoice INV-X
2026-05-12 08:33:50.957 +00:00 [WRN] SalesApp.Services.Notifications.MobileMoneyService: MoMo confirmation for unknown invoice INV-X
2026-05-12 08:33:51.041 +00:00 [WRN] SalesApp.Services.Notifications.MobileMoneyService: MoMo confirmation for unknown invoice INV-X
2026-05-12 08:33:51.100 +00:00 [WRN] SalesApp.Services.Notifications.MobileMoneyService: MoMo confirmation for unknown invoice INV-X
2026-05-12 08:33:51.169 +00:00 [WRN] SalesApp.Services.Notifications.MobileMoneyService: MoMo confirmation for unknown invoice INV-X
2026-05-12 08:33:51.272 +00:00 [WRN] SalesApp.Services.Notifications.MobileMoneyService: MoMo confirmation for unknown invoice INV-X
2026-05-12 08:33:51.339 +00:00 [WRN] SalesApp.Services.Notifications.MobileMoneyService: MoMo confirmation for unknown invoice INV-X
2026-05-12 08:33:51.435 +00:00 [WRN] SalesApp.Services.Notifications.MobileMoneyService: MoMo confirmation for unknown invoice INV-X
2026-05-12 08:33:51.514 +00:00 [WRN] SalesApp.Services.Notifications.MobileMoneyService: MoMo confirmation for unknown invoice INV-X
2026-05-12 08:33:51.591 +00:00 [WRN] SalesApp.Services.Notifications.MobileMoneyService: MoMo confirmation for unknown invoice INV-X
2026-05-12 08:33:51.674 +00:00 [WRN] SalesApp.Services.Notifications.MobileMoneyService: MoMo confirmation for unknown invoice INV-X
2026-05-12 08:34:11.350 +00:00 [INF] SalesApp.Services.DemoAuthHandler: AuthenticationScheme: Demo was forbidden.
2026-05-12 08:34:11.410 +00:00 [INF] SalesApp.Services.DemoAuthHandler: AuthenticationScheme: Demo was forbidden.
2026-05-12 08:34:11.482 +00:00 [INF] SalesApp.Services.DemoAuthHandler: AuthenticationScheme: Demo was forbidden.
2026-05-12 08:34:11.576 +00:00 [INF] SalesApp.Services.DemoAuthHandler: AuthenticationScheme: Demo was forbidden.
